===== System Health Check: Wed Nov 26 05:28:53 IST 2025 =====

[Uptime]
 05:28:53 up 42 min,  0 user,  load average: 0.09, 0.11, 0.09

[Disk usage]
Filesystem            Size  Used Avail Use% Mounted on
overlay               224G  1.4G  211G   1% /
tmpfs                  64M     0   64M   0% /dev
shm                    64M     0   64M   0% /dev/shm
/run/host_mark/Users  229G  206G   24G  90% /data
/dev/vda1             224G  1.4G  211G   1% /etc/hosts
tmpfs                 392M  100K  392M   1% /run/docker.sock
tmpfs                 2.0G     0  2.0G   0% /proc/scsi
tmpfs                 2.0G     0  2.0G   0% /sys/firmware

[Memory usage]
               total        used        free      shared  buff/cache   available
Mem:            3918         495        2975           0         595        3423
Swap:           1023           0        1023

[Top 5 CPU-consuming processes]
USER       PID %CPU %MEM    VSZ   RSS TTY      STAT START   TIME COMMAND
root      3968  100  0.0   7632  3632 pts/1    R+   05:28   0:00 ps aux --sort=-%cpu
root      3604  0.0  0.0   4300  3636 pts/1    Ss   05:16   0:00 /bin/bash
root         1  0.0  0.0   4300  3552 pts/0    Ss+  04:46   0:00 /bin/bash
root      3961  0.0  0.0   4036  3048 pts/1    S+   05:28   0:00 /usr/bin/bash ./system_health.sh
root      3969  0.0  0.0   2284  1420 pts/1    S+   05:28   0:00 head -n 6

[Network interfaces]

========================================

===== System Health Check: Wed Nov 26 05:30:27 IST 2025 =====

[Uptime]
 05:30:27 up 44 min,  0 user,  load average: 0.19, 0.14, 0.10

[Disk usage]
Filesystem            Size  Used Avail Use% Mounted on
overlay               224G  1.4G  211G   1% /
tmpfs                  64M     0   64M   0% /dev
shm                    64M     0   64M   0% /dev/shm
/run/host_mark/Users  229G  206G   24G  90% /data
/dev/vda1             224G  1.4G  211G   1% /etc/hosts
tmpfs                 392M  100K  392M   1% /run/docker.sock
tmpfs                 2.0G     0  2.0G   0% /proc/scsi
tmpfs                 2.0G     0  2.0G   0% /sys/firmware

[Memory usage]
               total        used        free      shared  buff/cache   available
Mem:            3918         534        2927           0         604        3384
Swap:           1023           0        1023

[Top 5 CPU-consuming processes]
USER       PID %CPU %MEM    VSZ   RSS TTY      STAT START   TIME COMMAND
root      3604  0.0  0.0   4300  3636 pts/1    Ss   05:16   0:00 /bin/bash
root         1  0.0  0.0   4300  3552 pts/0    Ss+  04:46   0:00 /bin/bash
root      4233  0.0  0.0   4036  3048 pts/1    S+   05:30   0:00 /usr/bin/bash ./system_health.sh
root      4240  0.0  0.0   7632  3632 pts/1    R+   05:30   0:00 ps aux --sort=-%cpu
root      4241  0.0  0.0   2284  1420 pts/1    S+   05:30   0:00 head -n 6

[Network interfaces]
1: lo: <LOOPBACK,UP,LOWER_UP> mtu 65536 qdisc noqueue state UNKNOWN group default qlen 1000
    link/loopback 00:00:00:00:00:00 brd 00:00:00:00:00:00
    inet 127.0.0.1/8 scope host lo
       valid_lft forever preferred_lft forever
    inet6 ::1/128 scope host 
       valid_lft forever preferred_lft forever
2: tunl0@NONE: <NOARP> mtu 1480 qdisc noop state DOWN group default qlen 1000
    link/ipip 0.0.0.0 brd 0.0.0.0
3: gre0@NONE: <NOARP> mtu 1476 qdisc noop state DOWN group default qlen 1000
    link/gre 0.0.0.0 brd 0.0.0.0
4: gretap0@NONE: <BROADCAST,MULTICAST> mtu 1462 qdisc noop state DOWN group default qlen 1000
    link/ether 00:00:00:00:00:00 brd ff:ff:ff:ff:ff:ff
5: erspan0@NONE: <BROADCAST,MULTICAST> mtu 1450 qdisc noop state DOWN group default qlen 1000
    link/ether 00:00:00:00:00:00 brd ff:ff:ff:ff:ff:ff
6: ip_vti0@NONE: <NOARP> mtu 1480 qdisc noop state DOWN group default qlen 1000
    link/ipip 0.0.0.0 brd 0.0.0.0
7: ip6_vti0@NONE: <NOARP> mtu 1428 qdisc noop state DOWN group default qlen 1000
    link/tunnel6 :: brd :: permaddr 92d4:d42d:358f::
8: sit0@NONE: <NOARP> mtu 1480 qdisc noop state DOWN group default qlen 1000
    link/sit 0.0.0.0 brd 0.0.0.0
9: ip6tnl0@NONE: <NOARP> mtu 1452 qdisc noop state DOWN group default qlen 1000
    link/tunnel6 :: brd :: permaddr eeda:d220:5099::
10: ip6gre0@NONE: <NOARP> mtu 1448 qdisc noop state DOWN group default qlen 1000
    link/gre6 :: brd :: permaddr 2e6d:13f6:e348::
11: eth0@if17: <BROADCAST,MULTICAST,UP,LOWER_UP> mtu 65535 qdisc noqueue state UP group default 
    link/ether f6:43:b0:bc:b2:1c brd ff:ff:ff:ff:ff:ff link-netnsid 0
    inet 172.17.0.2/16 brd 172.17.255.255 scope global eth0
       valid_lft forever preferred_lft forever

========================================

